{
    "name": "Elisse Jean-Pierre",
    "currentJob": "Sales and Marketing Strategist | Grassroots Community Developer",
    "workExperience": [
        {
            "jobTitle": "Sales Strategy and Planning Senior Analyst",
            "organization": "Dell",
            "startDate": "August 2014",
            "endDate": "Present",
            "duration": "2 years",
            "responsibilities": [
                "•Designed and implemented program that increased new tool adoption among sales by 20% during first half of quarter",
                "• Created and deployed optimized pay review and promotion process for Sales team members to decrease headcount overspending and increase employee morale with a standardized career roadmap",
                "• Strategized and implemented productivity enhancements to product and process launches in sales",
                "• Optimized Sales and Operations communication strategy to boost engagement with content up from 42% to 88% using A/B testing",
                "• Planned and executed career events for women in technology and crafted engaging marketing communications to increase attendance"
            ]
        },
        {
            "jobTitle": "Co-founder | Board President",
            "organization": "Austin Caribbean Cultural Exchange",
            "startDate": "May 2015",
            "endDate": "Present",
            "duration": "1 year 3 months",
            "responsibilities": [
                "• Co-founded 501(c)(3) non-profit organization to solve issue of immigrant and minority populations moving out of Austin",
                "• Planned events and programs to foster community in Austin's Caribbean population",
                "• Wrote sponsorship proposals and grants fulfilled by the City of Austin and local businesses",
                "• Monitored marketing analytics on social media sites, event websites, and official websites using Google Analytics to develop more aggressive marketing strategies, which led to a 121% increase in overall participation and a 1500% increase in funding and donations over the past 6 months",
                "• Developed and optimized communication and social media strategy ",
                "• Spearheaded standardized branding strategy",
                "• Led move to organize  Austin's first ever Caribbean Carnival dubbed \"CariBash\", which has been attempted multiple times for the past 30 years"
            ]
        },
        {
            "jobTitle": "School of Medicine - Human Resources Office Assistant",
            "organization": "Emory University",
            "startDate": "August 2010",
            "endDate": "May 2014",
            "duration": "3 years 10 months",
            "responsibilities": [
                "• Spearheaded the move from hard filing to a digital system, which resulted in effortless access of over 700 employee's information and 10 hours saved yearly",
                "• Planned department meetings, seminars and parties",
                "• Developed internet portal for business managers to access process and policy information"
            ]
        },
        {
            "jobTitle": "National Programs Intern",
            "organization": "Wells Fargo Home Mortgage",
            "startDate": "June 2013",
            "endDate": "August 2013",
            "duration": "3 months",
            "responsibilities": [
                "• Developed and implemented demand generation strategy to identify Union Plus customers in 24 sales regions, which resulted in $1.6 B in application volume by the following quarter",
                "• Developed purchase strategy to engage millennial first-time home buyers",
                "• Investigated impact of customer disloyalty and launched recognition program to decrease disloyalty by 2% the following quarter"
            ]
        },
        {
            "jobTitle": "Senior Counselor",
            "organization": "Tamwood International College Ltd.",
            "startDate": "June 2012",
            "endDate": "August 2012",
            "duration": "3 months",
            "responsibilities": [
                "• Supervised ten general counselors ",
                "• Acted as a liaison between senior staff and general staff",
                "• Arranged and managed on-campus events and offsite excursions for 170 international students"
            ]
        },
        {
            "jobTitle": "Marketing Assistant Intern",
            "organization": "Fondo Ecuatoriano Populorum Progressio: Camari",
            "startDate": "March 2012",
            "endDate": "June 2012",
            "duration": "4 months",
            "responsibilities": [
                "• Translated vendors’ product information from Spanish to English to communicate with a larger market",
                "• Interpreted for English-speaking customers/clients",
                "• Researched and created marketing strategies for vendors’ products"
            ]
        },
        {
            "jobTitle": "Travel Correspondent",
            "organization": "Reach the World",
            "startDate": "January 2012",
            "endDate": "June 2012",
            "duration": "6 months",
            "responsibilities": [
                "• Developed a blog to document living and learning experience in Quito, Ecuador",
                "• Collaborated with a middle school class and teacher to create a curriculum immersing students in Andean cultures"
            ]
        },
        {
            "jobTitle": "Program Specialist",
            "organization": "Boys and Girls Club of Tampa Bay",
            "startDate": "June 2011",
            "endDate": "August 2011",
            "duration": "3 months",
            "responsibilities": [
                "• Developed enrichment programs for 20 seven to ten-year-old girls and supervised overall safety of children ",
                "• Provided parents assistance with requests/issues faced concerning their children"
            ]
        },
        {
            "jobTitle": "BOLD Immersion Program Participant/First Prize Recipient",
            "organization": "Google",
            "startDate": "July 2011",
            "endDate": "July 2011",
            "duration": "1 month",
            "responsibilities": [
                "• Researched minority-owned businesses in the entertainment industry and identified their organizational needs",
                "• Created a marketing strategy to engage potential clients in the entertainment industry with Google products"
            ]
        }
    ],
    "educationExperience": [
        {
            "school": "Emory University - Goizueta Business School",
            "basicInfo": [
                "Marketing",
                "Information Systems and Operations Management"
            ],
            "degree": "Bachelor of Business Administration (B.B.A.)",
            "startDate": "2010",
            "endDate": "2014",
            "activitiesAndSocieties": "Association of Caribbean Educators and Students, OISL (Office of International Student Life), EBSU (Emory Black Student Union), Vibez Dance Troupe, Crossroads, Spanish Case Competition Team"
        },
        {
            "school": "Facultad Latinoamericana de Ciencias Sociales",
            "basicInfo": [
                "Sociology and Anthropology"
            ],
            "startDate": "2012",
            "endDate": "2012"
        },
        {
            "school": "Universidad Politécnica Salesiana",
            "basicInfo": [
                "Sociology"
            ],
            "startDate": "2012",
            "endDate": "2012"
        }
    ],
    "volunteerExperience": [
        {
            "jobTitle": "Volunteer",
            "organization": "International Rescue Committee"
        }
    ],
    "languages": [
        {
            "language": "English",
            "proficiency": "(Native or bilingual proficiency)"
        },
        {
            "language": "Spanish",
            "proficiency": "(Full professional proficiency)"
        },
        {
            "language": "Haitian Creole",
            "proficiency": "(Limited working proficiency)"
        },
        {
            "language": "French",
            "proficiency": "(Limited working proficiency)"
        }
    ],
    "unsupported": [
        "Interests",
        "Fashion, bargain hunting, do-it-yourself projects, cultural immersion through food and dance, Brand",
        " development, Market Research, CRM, User Experience",
        "Elisse Jean-Pierre",
        "Sales and Marketing Strategist | Grassroots Community Developer"
    ]
}
