{
    "name": "Ian Lee",
    "currentJob": "Product Marketing, Carbon Black",
    "bio": [
        "Currently, helping save the world from cyberthreats at Carbon Black, through new and innovative partnerships, while studying to design, engineer and build great products from the best at Carnegie Mellon. ",
        "Skills and interests include product development, UX design, competitive strategy, strategic alliances, venture finance, marketing,and anything SAAB. "
    ],
    "workExperience": [
        {
            "jobTitle": "Product Marketing Manager",
            "organization": "Carbon Black",
            "startDate": "May 2014",
            "endDate": "Present",
            "duration": "2 years 3 months",
            "responsibilities": [
                "Carbon Black leads a new era of endpoint security by enabling organizations to disrupt advanced attacks, deploy the best prevention, and leverage the expertise of 10,000 professionals to shift the balance of power away from the attacker. Based in Waltham, MA, Carbon Black is trusted by more than 2,000 organizations worldwide and backed by leading venture capital firms including Atlas/Accomplice, Sequoia, .406 Ventures, Highland Capital and KPCB. "
            ]
        },
        {
            "jobTitle": "Market Segment Manager",
            "organization": "IBM",
            "startDate": "June 2012",
            "endDate": "May 2014",
            "duration": "2 years",
            "responsibilities": [
                "Managed global marketing strategy and market management for IBM zEnterprise Cloud & Linux  solutions (Enterprise Linux Server (now LinuxOne), Linux on System z, z/VM, IBM Wave). In this role, I managed distribution partner relationships(SUSE/Red Hat), engaged analysts (IDC/Solitaire/Edison/RFG/Ovum), agencies (O&M/Centerline/Somnio/GPJ), and the broader IBM team to drive business, increase awareness, and spur adoption of cloud, Linux & virtualization technologies on System z. ",
                "6/12-7/13:Managed global competitive marketing strategy, as part of STG Competitive Marketing Team, for IBM’s zEnterprise hardware systems and aid execution of campaigns across IBM’s 21 geographic marketing teams with focus on Japan, China, Brazil, US & EU."
            ]
        },
        {
            "jobTitle": "Editorial Board Member",
            "organization": "The Daily Tar Heel",
            "startDate": "June 2011",
            "endDate": "May 2012",
            "duration": "1 year",
            "responsibilities": [
                "The Daily Tar Heel Editorial Board crafts the editorial voice of this college daily with a daily readership of 30,000+. Responsibilities include authoring over 100 pieces for publication and contributing in editorial decisions."
            ]
        },
        {
            "jobTitle": "Market Segment Manager-Intern",
            "organization": "IBM",
            "startDate": "June 2011",
            "endDate": "December 2011",
            "duration": "7 months",
            "responsibilities": [
                "Working with Worldwide Marketing Team to improve SystemZ and Smarter Computing digital marketing web offerings (search optimization, web-conversations, social media) to further marketing pipeline contribution."
            ]
        },
        {
            "jobTitle": "Student Body Secretary",
            "organization": "University of North Carolina at Chapel Hill",
            "startDate": "April 2010",
            "endDate": "April 2011",
            "duration": "1 year 1 month",
            "responsibilities": [
                "Oversaw all publicity and marketing operations of Student Government and served as chief contact to students. In this position, I created a student run video production team, led an overhaul of our social media offerings, and worked closely with media outlets at the local (Daily Tar Heel), regional (News & Observer), and national level (NYTimes, WSJ) to cover student concerns."
            ]
        },
        {
            "jobTitle": "E-MBA Marketing Intern",
            "organization": "Kenan-Flagler Business School",
            "startDate": "April 2010",
            "endDate": "March 2011",
            "duration": "1 year",
            "responsibilities": [
                "My work for the EMBA program at Kenan-Flagler with a focus on improving and expanding their social media marketing presence and in-house analytical processes."
            ]
        },
        {
            "jobTitle": "Project Intern",
            "organization": "NeoNova Network Services",
            "startDate": "May 2008",
            "endDate": "August 2008",
            "duration": "4 months",
            "responsibilities": [
                "As a project intern, I was focused on an extensive market research project into the rural telecommunications space across the United State. The key areas of focus for this project were market potential, market size, and local competition."
            ]
        }
    ],
    "unsupported": [
        "Honors and Awards",
        "IBM Eminence and Excellence Award",
        "December 2013",
        "Certifications",
        "PADI Advanced Open Water Scuba Diving Certified",
        "       October 2011",
        "Projects",
        "Embrace Carolina: An introduction to Student Government",
        "November 2010 to November 2010",
        "Members:Ian Lee, Ian Wallace, Beth Lawrence, Alex Joiner, Olivia Ramirez, Edmund Poliks, Chris Uy",
        "On this video I worked as a producer, interviewer and editor.",
        "Video Description: The Executive Branch of Student Government serves as the chief student representative",
        " to the University administration but we are so much more than that. This video highlights just a few of the",
        " exciting opportunities that are available to students and some of initiatives we are taking to improve the lives",
        " of students. Go to unc.edu/studgov for more information.",
        "Organizations",
        "Carolina Creates",
        "Founder/Vice-President",
        "February 2011 to Present",
        "Student Organization at UNC-CH focused on highlighting artistic and creative talent on campus through 4",
        " initiatives; music, visual art, literature, and global initiative. Helped raise over $100,000 in private donations",
        " to endow and support the program from individuals and corporate foundations. ",
        "To this end, the group has organized two annual sold-out TEDxUNC conference featuring 20+ world",
        " renowned speakers and 12 artistic performances, several large concert series, and a literary competition in",
        " partnership with LuLu.com.",
        "Carolina Creates is the student arm of the $125 Million Innovate@Carolina initiative led by Judith Cone and",
        " UNC Chancellor Holden Thorp. Visit www.carolinacreates.com to learn more.",
        "UNC Class of 2012",
        "Vice President",
        "September 2009 to May 2012",
        "Chancellor's Innovation Circle",
        "Vice-Chair",
        "February 2011 to May 2012",
        "Served as Vice-Chair of the Chancellor's Student Innovation Team the student arm of the $125 million",
        " Innovate@Carolina campaign. Served as the student representative to the Chancellor's Innovation Circle.  ",
        "Interests",
        "Technology, Design, Government Services, Media Relations, Sailing, Reading, and Music.",
        "Ian Lee",
        "Product Marketing, Carbon Black",
        "10",
        " people have recommended Ian",
        "\"Ian is one of the the most innovative and creative marketers I have worked with, he is always looking for",
        "ways to innovate and over deliver. He is well versed in all the modern tools required to be a tier 1 marketer",
        "and can use them to best effect. When Ian left IBM a black cloud descended over our marketing efforts...\"",
        "— Steven Dickens",
        ", Cloud - Offering Manager, IBM",
        ", managed Ian indirectly at IBM",
        "\"After serving as student body secretary his junior year, Ian Lee passed through the revolving door to The",
        "Daily Tar Heel, where he quickly proved himself an invaluable member of the editorial board. Ian quickly",
        "emerged as one of the board's most reliable members, and his clear, compelling writing style produced some",
        "of the year's most persuasive editorials. He proved a font of knowledge on all things UNC, from student",
        "government and the Carolina Union Activities Board to tuition hikes and the devastation of budget cuts.",
        "What's more, he was a quick learner. In the spring of 2012, he enrolled and excelled in a UNC business",
        "journalism class without having completed the prerequisites. Any employer looking for a thoughtful, clear",
        "communicator who can hit the ground running would be hard-pressed to find a better candidate.\"",
        "— C. Ryan Barber",
        ", managed Ian at The Daily Tar Heel",
        "\"Ian was great at taking initiative and assuming a leadership role. He works well with others and consistently",
        "demonstrates real work ethic and charisma. Ian was always a person I could look to for beneficial peer review",
        "and a great person to bounce ideas off of.\"",
        "— Hannah Kloeckner",
        ", worked directly with Ian at IBM",
        "\"Ian is a natural leader with strong interpersonal skills and is quite mature and focused on driving great",
        "business results.\"",
        "— Scott Searle",
        ", managed Ian at IBM",
        "\"Ian is a very intelligent and dedicated worker, and he's great guy to hang out with.\"",
        "— Robert Horwitz",
        "\"Ian Lee served as Secretary of the Student Body during my Presidency from 2010-2011. Ian's legacy and",
        "impact came mostly from his ability to blend his professional side with his personable side; Ian is a people",
        "person. Those who worked alongside or under Ian know this to be true. His creativity in developing new",
        "methods of student outreach and in-reach for the longstanding tradition of student self-governance at the",
        "University of North Carolina at Chapel Hill made my job as President far easier and more meaningful for all.",
        "I am proud to say that Ian served on my Executive team for what was one of the most amazing years of my",
        "life as a UNC student.\"",
        "— Hogan Medlin",
        ", was Ian's client",
        "\"Ian is a strong team player with great attitude, good ideas, and a strong work ethic.\"",
        "— Jason McGinnis",
        ", worked with Ian at NeoNova Network Services",
        "\"Ian is a team player who can use his knowledge and available resources to get things done efficiently and on-",
        "time. Ian successfully completed several projects that were integral to the ongoing strategy and operations of",
        "the company.\"",
        "— Chris Beatson",
        ", managed Ian indirectly at NeoNova Network Services",
        "\"Ian is a very driven individual who is very conscious of giving and achieving the very most in every task and",
        "assignment. He goes the extra effort to make sure the spirit of the assignment is accomplished in addition to",
        "the written specification, thinking and asking questions to ensure that real answers are being generated. Very",
        "inquisitive and intelligent person, quick study but very intelligent and self assured to put real thought on a",
        "project.\"",
        "— Warren Lee",
        "\"Ian is a force of nature. He works at an incredible pace. His business acumen coupled with a research",
        "focused problem solving approach makes him an amazing teammate for any challenge.\"",
        "— Ashwin Ramesh",
        ", studied with Ian at Carnegie Mellon University"
    ],
    "skills": [
        "Social Media Marketing",
        "Digital Marketing",
        "Leadership",
        "Competitive Analysis",
        "Product Marketing",
        "Market Research",
        "Project Management",
        "Marketing Strategy",
        "Entrepreneurship",
        "Strategic Partnerships"
    ],
    "educationExperience": [
        {
            "school": "Carnegie Mellon University",
            "basicInfo": [
                "Integrated Product Development"
            ],
            "degree": "Master’s Degree",
            "startDate": "2015",
            "endDate": "2017",
            "activitiesAndSocieties": "Industrial Design Society of America, Disney Imagineering Contest, Impact-A-thon"
        },
        {
            "school": "University of North Carolina at Chapel Hill - Kenan-Flagler Business School",
            "basicInfo": [
                "Entrepreneurship",
                "Political Science"
            ],
            "degree": "BSBA",
            "startDate": "2008",
            "endDate": "2012",
            "activitiesAndSocieties": "The Honors Program, Daily Tar Heel, Institute for Practical Politics, Executive Branch of Student Government, Association of Student Governments, CUAB, Chancellor's Student Innovation Team, Carolina Creates, Carolina Union Board of Directors"
        },
        {
            "school": "Smartly"
        },
        {
            "school": "Smartly"
        }
    ]
}
