{
    "name": "Jazzy Ellis",
    "currentJob": "SAG-AFTRA Stuntwoman, Filmmaker, Nonprofit Executive Director",
    "bio": [
        "SAG-AFTRA Stuntwoman | Filmmaker | Activist Missing From Film, Inc.-- Founder & Executive Director",
        "I used to get lost in movies, now I make them. ",
        "http://imdb.me/JazzyEllis",
        "www.JazzyEllis.com",
        "Most recently in Ride Along 2, Containment, Powers, The Vampire Diairies, The Underground.  Check the links above for more! "
    ],
    "workExperience": [
        {
            "jobTitle": "Producer",
            "organization": "Self",
            "startDate": "February 2014",
            "endDate": "Present",
            "duration": "2 years 6 months"
        },
        {
            "jobTitle": "Stuntwoman",
            "organization": "SAG-AFTRA",
            "startDate": "March 2013",
            "endDate": "Present",
            "duration": "3 years 5 months"
        },
        {
            "jobTitle": "Actor",
            "organization": "SAG-AFTRA",
            "startDate": "March 2013",
            "endDate": "Present",
            "duration": "3 years 5 months"
        },
        {
            "jobTitle": "Substitute Teacher",
            "organization": "Enriched",
            "startDate": "2013",
            "endDate": "2014",
            "duration": "1 year"
        },
        {
            "jobTitle": "Special Education Teacher",
            "organization": "Jefferson Parish Public School System",
            "startDate": "April 2013",
            "endDate": "November 2013",
            "duration": "8 months",
            "responsibilities": [
                "Head of Freshman Department Teachers.IEP Meetings,Modified Lesson Plans,Individualized and Small Group Instruction"
            ]
        },
        {
            "jobTitle": "Miss LA Gulf Coast USA",
            "organization": "Miss Universe Organization",
            "startDate": "April 2013",
            "endDate": "October 2013",
            "duration": "7 months",
            "responsibilities": [
                "I will compete for Miss Louisiana USA in October 2013."
            ]
        },
        {
            "jobTitle": "Psychometrist",
            "organization": "Jefferson Neurobehavioral Group",
            "startDate": "December 2012",
            "endDate": "April 2013",
            "duration": "5 months"
        },
        {
            "jobTitle": "Miss Orleans USA 2013",
            "organization": "Miss Universe Organization",
            "startDate": "January 2012",
            "endDate": "October 2012",
            "duration": "10 months",
            "responsibilities": [
                "I will compete for the title of Miss Louisiana USA 2013 on October 26-27, 2012 in Lafayette, LA."
            ]
        },
        {
            "jobTitle": "Instructor",
            "organization": "New Orleans Charter Science and Math Academy",
            "startDate": "July 2011",
            "endDate": "October 2012",
            "duration": "1 year 4 months",
            "responsibilities": [
                "I teach Math and Special Education for high school students."
            ]
        },
        {
            "jobTitle": "Member",
            "organization": "North Jersey Alumnae Chapter of Delta Sigma Theta Sorority Inc.",
            "startDate": "June 2010",
            "endDate": "2012",
            "duration": "2 years",
            "responsibilities": [
                "Social Action CommitteePhysical and Mental Health CommitteeDr. Betty Shabazz Delta Academy CommitteeDelta Teen Lift GEMS and GENTS Program CommitteeCrimson Coalition Step Team"
            ]
        },
        {
            "jobTitle": "2nd Runner Up Miss New Jersey USA 2011",
            "organization": "Miss Universe Organization",
            "startDate": "October 2010",
            "endDate": "October 2011",
            "duration": "1 year 1 month",
            "responsibilities": [
                "I did a great job, and was a crowd favorite.  When everyone was told to \"adopt-a-contestant\" for the Top 16, it was me they adopted."
            ]
        },
        {
            "jobTitle": "Spanish Teacher",
            "organization": "John Dibert Elementary School",
            "startDate": "June 2011",
            "endDate": "July 2011",
            "duration": "2 months",
            "responsibilities": [
                "Teaching Summer School Spanish for K-2 through teachNOLA"
            ]
        },
        {
            "jobTitle": "Spanish Teacher",
            "organization": "teachNOLA",
            "startDate": "April 2011",
            "endDate": "July 2011",
            "duration": "4 months",
            "responsibilities": [
                "I taught Spanish to K-2 grade at Dibert Elementary School."
            ]
        },
        {
            "jobTitle": "Substitute Teacher and Teacher's Aide",
            "organization": "Scotch Plains-Fanwood Public Schools",
            "startDate": "October 2010",
            "endDate": "May 2011",
            "duration": "8 months"
        },
        {
            "jobTitle": "Actor",
            "organization": "HJ Films",
            "startDate": "September 2010",
            "endDate": "December 2010",
            "duration": "4 months",
            "responsibilities": [
                "Lead actor in \"The Cool Jerks\" mini series at hjfilmworld.com/cooljerks.php"
            ]
        },
        {
            "jobTitle": "Security Guard",
            "organization": "Safeguards Student Agencies",
            "startDate": "September 2008",
            "endDate": "May 2010",
            "duration": "1 year 9 months",
            "responsibilities": [
                "I kept Princeton University students, staff, and their guests safe at Princeton University events."
            ]
        },
        {
            "jobTitle": "Residential College Adviser",
            "organization": "Princeton University",
            "startDate": "July 2008",
            "endDate": "May 2010",
            "duration": "1 year 11 months",
            "responsibilities": [
                "Helped University establish and maintain safe environment     Offered weekly study breaks for freshmen and sophomores in my charge     Served as liaison between students in my charge and the University     Communicated campus resources to students in need"
            ]
        },
        {
            "jobTitle": "Student Employee",
            "organization": "Princeton University Public Safety",
            "startDate": "June 2008",
            "endDate": "May 2010",
            "duration": "2 years",
            "responsibilities": [
                "Driving P-Rides Shuttle; Student Lockout; Call Collector"
            ]
        },
        {
            "jobTitle": "Mentor",
            "organization": "Princeton University's IGNITE",
            "startDate": "October 2007",
            "endDate": "May 2010",
            "duration": "2 years 8 months",
            "responsibilities": [
                "Mentored charter school students from underprivileged backgroundsPrinceton University's Leadership and Mentoring Program"
            ]
        },
        {
            "jobTitle": "Dancer",
            "organization": "Member of 3 Dance Companies",
            "startDate": "January 2006",
            "endDate": "May 2010",
            "duration": "4 years 5 months"
        },
        {
            "jobTitle": "Volunteer",
            "organization": "Casa de Fe",
            "startDate": "June 2009",
            "endDate": "July 2009",
            "duration": "2 months",
            "responsibilities": [
                "Assisted children in reading and writing at a Christian orphanage for abandoned children"
            ]
        },
        {
            "jobTitle": "Teacher",
            "organization": "Princeton University's Community House",
            "startDate": "October 2007",
            "endDate": "May 2009",
            "duration": "1 year 8 months",
            "responsibilities": [
                "Taught diversity to a 7 grade class weekly, which involved confronting racial and cultural stereotypes, promoting in-depth understanding of concerns that are specific to people of varying backgrounds"
            ]
        },
        {
            "jobTitle": "Dining Services",
            "organization": "Princeton University",
            "startDate": "June 2008",
            "endDate": "June 2008",
            "duration": "1 month",
            "responsibilities": [
                "Working Reunions for the Old Guard (Princeton University Class of 1925-1940)"
            ]
        },
        {
            "jobTitle": "Sales Associate",
            "organization": "Limited Brands",
            "startDate": "November 2005",
            "endDate": "July 2006",
            "duration": "9 months",
            "responsibilities": [
                "I was a Sales Associate at Express."
            ]
        },
        {
            "jobTitle": "Academic Coach",
            "organization": "SCORE! Educational Centers",
            "startDate": "July 2005",
            "endDate": "November 2005",
            "duration": "5 months",
            "responsibilities": [
                "I tutored students in Math, English, and Reading."
            ]
        }
    ],
    "languages": [
        {
            "language": "Spanish"
        }
    ],
    "educationExperience": [
        {
            "school": "Princeton University",
            "basicInfo": [
                "Religion",
                "Spanish Language and Culture Certificate",
                "Pre-med"
            ],
            "degree": "A.B.",
            "startDate": "2006",
            "endDate": "2010",
            "activitiesAndSocieties": "Delta Sigma Theta Sorority, Inc.,President Princeton NAACP College Chapter, President Sympoh Urban Arts Crew TapCats Dance Company eXpressions Dance Company Princeton University Ballet Company"
        },
        {
            "school": "The College of New Jersey",
            "basicInfo": [],
            "startDate": "2008",
            "endDate": "2008"
        }
    ],
    "unsupported": [
        "Jazzy Ellis",
        "SAG-AFTRA Stuntwoman, Filmmaker, Nonprofit Executive Director"
    ]
}
